{
  "pathway": {
    "name": "Experiment01"
  },
  "nodes": [
    {
      "id": 161,
      "geneNames": [
        "EGFR"
      ],
      "type": "gene_protein",
      "x": 7.03125,
      "y": -213.125
    },
    {
      "id": 164,
      "geneNames": [
        "MAP2K1"
      ],
      "type": "gene_protein",
      "x": 7.03125,
      "y": -148.125
    },
    {
      "id": 167,
      "geneNames": [
        "MAPK1"
      ],
      "type": "gene_protein",
      "x": 7.03125,
      "y": 156.875
    },
    {
      "id": 170,
      "geneNames": [
        "MAPK14"
      ],
      "type": "gene_protein",
      "x": -11.71875,
      "y": -68.125
    },
    {
      "id": 173,
      "geneNames": [
        "MAPKAPK2"
      ],
      "type": "gene_protein",
      "x": -45.46875,
      "y": 251.875
    },
    {
      "id": 176,
      "geneNames": [
        "MAPKAPK5"
      ],
      "type": "gene_protein",
      "x": 59.53125,
      "y": 251.875
    },
    {
      "id": 151,
      "geneNames": [
        "AKT2"
      ],
      "type": "gene_protein",
      "x": -11.71875,
      "y": 11.875
    },
    {
      "id": 158,
      "geneNames": [
        "MAP3K8"
      ],
      "type": "gene_protein",
      "x": -11.71875,
      "y": 76.875
    }
  ],
  "links": [
    {
      "id": "relation-212",
      "sourceId": 170,
      "targetId": 176,
      "types": [
        "other"
      ]
    },
    {
      "id": "relation-209",
      "sourceId": 170,
      "targetId": 173,
      "types": [
        "other"
      ]
    },
    {
      "id": "relation-206",
      "sourceId": 170,
      "targetId": 151,
      "types": [
        "other"
      ]
    },
    {
      "id": "relation-203",
      "sourceId": 167,
      "targetId": 176,
      "types": [
        "other"
      ]
    },
    {
      "id": "relation-200",
      "sourceId": 167,
      "targetId": 173,
      "types": [
        "other"
      ]
    },
    {
      "id": "relation-194",
      "sourceId": 164,
      "targetId": 170,
      "types": [
        "other"
      ]
    },
    {
      "id": "relation-191",
      "sourceId": 164,
      "targetId": 167,
      "types": [
        "other"
      ]
    },
    {
      "id": "relation-188",
      "sourceId": 161,
      "targetId": 164,
      "types": [
        "other"
      ]
    },
    {
      "id": "relation-197",
      "sourceId": 158,
      "targetId": 167,
      "types": [
        "other"
      ]
    },
    {
      "id": "relation-179",
      "sourceId": 151,
      "targetId": 158,
      "types": [
        "other"
      ]
    }
  ]
}