{
  "ST": [
    {
      "Kinase": "ACVR2A",
      "Experiment01": 0.7374436086868595,
      "Experiment02": 0.6385340029216555
    },
    {
      "Kinase": "ACVR2B",
      "Experiment01": 0.7274203003234394,
      "Experiment02": 0.8049705068502936
    },
    {
      "Kinase": "AKT1",
      "Experiment01": 0.006963526558720445,
      "Experiment02": 0.2079127431589775
    },
    {
      "Kinase": "AKT2",
      "Experiment01": 0.005521579485248534,
      "Experiment02": 0.11493272291953974
    },
    {
      "Kinase": "AKT3",
      "Experiment01": 0.01673438095594624,
      "Experiment02": 0.2194112113818481
    },
    {
      "Kinase": "ATM",
      "Experiment01": 0.8981016969305861,
      "Experiment02": 0.834599404619884
    },
    {
      "Kinase": "ATR",
      "Experiment01": 0.902838822207854,
      "Experiment02": 0.8507147833798931
    },
    {
      "Kinase": "AURKA",
      "Experiment01": 0.8984980306080813,
      "Experiment02": 0.9645789141567176
    },
    {
      "Kinase": "BCKDK",
      "Experiment01": 0.725536610287991,
      "Experiment02": 0.618649180507489
    },
    {
      "Kinase": "CAMK1",
      "Experiment01": 0.7352059394708335,
      "Experiment02": 0.7243672420034402
    },
    {
      "Kinase": "CAMK1D",
      "Experiment01": 0.6441495433527826,
      "Experiment02": 0.6543846486136945
    },
    {
      "Kinase": "CAMK1G",
      "Experiment01": 0.5400941625782071,
      "Experiment02": 0.599231138286959
    },
    {
      "Kinase": "CAMK2A",
      "Experiment01": 0.33378596687059137,
      "Experiment02": 0.623410547544693
    },
    {
      "Kinase": "CAMK2B",
      "Experiment01": 0.3569687985795519,
      "Experiment02": 0.6243140961067102
    },
    {
      "Kinase": "CAMK2D",
      "Experiment01": 0.3384561870718848,
      "Experiment02": 0.6129987335040246
    },
    {
      "Kinase": "CAMK2G",
      "Experiment01": 0.3402725577436192,
      "Experiment02": 0.6251070909115823
    },
    {
      "Kinase": "CAMK4",
      "Experiment01": 0.7609942197565721,
      "Experiment02": 0.6150222714084784
    },
    {
      "Kinase": "CDC42BPA",
      "Experiment01": 0.5350976748858784,
      "Experiment02": 0.657504361224391
    },
    {
      "Kinase": "CDC42BPB",
      "Experiment01": 0.3647247826832558,
      "Experiment02": 0.4054277066774551
    },
    {
      "Kinase": "CDC42BPG",
      "Experiment01": 0.3454595351890357,
      "Experiment02": 0.41465261815660126
    },
    {
      "Kinase": "CDK1",
      "Experiment01": 0.3453939558577284,
      "Experiment02": 0.625361395826888
    },
    {
      "Kinase": "CDK2",
      "Experiment01": 0.5362350935705102,
      "Experiment02": 0.4087129674578293
    },
    {
      "Kinase": "CDK3",
      "Experiment01": 0.18863538534700292,
      "Experiment02": 0.2142633805278974
    },
    {
      "Kinase": "CDK4",
      "Experiment01": 0.7482691733526078,
      "Experiment02": 0.4206198737794292
    },
    {
      "Kinase": "CDK5",
      "Experiment01": 0.1983545058358038,
      "Experiment02": 0.23343694760149028
    },
    {
      "Kinase": "CDK6",
      "Experiment01": 0.18820664064541157,
      "Experiment02": 0.23742781939920815
    },
    {
      "Kinase": "CDK7",
      "Experiment01": 0.9026928549228225,
      "Experiment02": 0.8446736215646666
    },
    {
      "Kinase": "CHUK",
      "Experiment01": 0.5026371774695739,
      "Experiment02": 0.41272527069303955
    },
    {
      "Kinase": "CLK1",
      "Experiment01": 0.5110546697790052,
      "Experiment02": 0.6340174476700078
    },
    {
      "Kinase": "CLK2",
      "Experiment01": 0.5012871680724797,
      "Experiment02": 0.4190147689197619
    },
    {
      "Kinase": "CLK3",
      "Experiment01": 0.3414293453298976,
      "Experiment02": 0.4153177287161295
    },
    {
      "Kinase": "CLK4",
      "Experiment01": 0.26816373747464173,
      "Experiment02": 0.44359584344964936
    },
    {
      "Kinase": "CSNK1A1",
      "Experiment01": 0.891850615627457,
      "Experiment02": 0.8422759134210025
    },
    {
      "Kinase": "CSNK1A1L",
      "Experiment01": 0.7447079627365893,
      "Experiment02": 0.8248419256647622
    },
    {
      "Kinase": "CSNK1D",
      "Experiment01": 0.9819067553839724,
      "Experiment02": 0.902870174877886
    },
    {
      "Kinase": "CSNK1E",
      "Experiment01": 0.8994557100709941,
      "Experiment02": 0.8412694974424223
    },
    {
      "Kinase": "CSNK1G1",
      "Experiment01": 0.748176487418692,
      "Experiment02": 0.8269640707183705
    },
    {
      "Kinase": "CSNK1G2",
      "Experiment01": 0.7557853110509913,
      "Experiment02": 0.8211142383664523
    },
    {
      "Kinase": "CSNK1G3",
      "Experiment01": 0.7478144528593267,
      "Experiment02": 0.6404304367771902
    },
    {
      "Kinase": "CSNK2A1",
      "Experiment01": 0.905100328975792,
      "Experiment02": 0.8332273161613061
    },
    {
      "Kinase": "CSNK2A2",
      "Experiment01": 0.8885521174382374,
      "Experiment02": 0.8323135741436709
    },
    {
      "Kinase": "DAPK1",
      "Experiment01": 0.8945062893345468,
      "Experiment02": 0.8320323600154163
    },
    {
      "Kinase": "DAPK2",
      "Experiment01": 0.8992980571513493,
      "Experiment02": 0.8991110202447201
    },
    {
      "Kinase": "DAPK3",
      "Experiment01": 0.8990187159330478,
      "Experiment02": 0.8486709374290283
    },
    {
      "Kinase": "DMPK",
      "Experiment01": 0.34832330769939157,
      "Experiment02": 0.4184751082574327
    },
    {
      "Kinase": "EIF2AK2",
      "Experiment01": 0.5532828819970568,
      "Experiment02": 0.013355565224177513
    },
    {
      "Kinase": "GRK1",
      "Experiment01": 0.887153452764792,
      "Experiment02": 0.8155300410221175
    },
    {
      "Kinase": "GRK2",
      "Experiment01": 0.8888009118615925,
      "Experiment02": 0.8237652919328593
    },
    {
      "Kinase": "GRK3",
      "Experiment01": 0.894892531845289,
      "Experiment02": 0.8403341965635134
    },
    {
      "Kinase": "GRK4",
      "Experiment01": 0.81986948279431,
      "Experiment02": 0.8407444242404782
    },
    {
      "Kinase": "GRK5",
      "Experiment01": 0.8985244411820861,
      "Experiment02": 0.835460283793058
    },
    {
      "Kinase": "GRK6",
      "Experiment01": 0.8862677506436456,
      "Experiment02": 0.6540922985040388
    },
    {
      "Kinase": "GRK7",
      "Experiment01": 0.8958096988492597,
      "Experiment02": 0.8315502534843664
    },
    {
      "Kinase": "GSK3A",
      "Experiment01": 0.7564931206034569,
      "Experiment02": 0.6498486858445133
    },
    {
      "Kinase": "GSK3B",
      "Experiment01": 0.7452152520423534,
      "Experiment02": 0.4329940207536922
    },
    {
      "Kinase": "HIPK1",
      "Experiment01": 0.7391954265104149,
      "Experiment02": 0.6064188011938556
    },
    {
      "Kinase": "HIPK2",
      "Experiment01": 0.8962433831351722,
      "Experiment02": 0.6432533571831712
    },
    {
      "Kinase": "ICK",
      "Experiment01": 0.20873195462373217,
      "Experiment02": 0.4190147689197619
    },
    {
      "Kinase": "IKBKB",
      "Experiment01": 0.7384322803810125,
      "Experiment02": 0.6221921997368601
    },
    {
      "Kinase": "MAK",
      "Experiment01": 0.34537824165175024,
      "Experiment02": 0.3977136258553308
    },
    {
      "Kinase": "MAP2K1",
      "Experiment01": 0.7437824808123135,
      "Experiment02": 0.8414375973101058
    },
    {
      "Kinase": "MAP2K2",
      "Experiment01": 0.538974033287941,
      "Experiment02": 0.8312783961819303
    },
    {
      "Kinase": "MAP2K3",
      "Experiment01": 0.7668417824051725,
      "Experiment02": 0.8331359639828569
    },
    {
      "Kinase": "MAP2K4",
      "Experiment01": 0.8941649262442668,
      "Experiment02": 0.8290177776701684
    },
    {
      "Kinase": "MAP2K5",
      "Experiment01": 0.7468997415623428,
      "Experiment02": 0.834599404619884
    },
    {
      "Kinase": "MAP2K6",
      "Experiment01": 0.8927879136115116,
      "Experiment02": 0.8335057285682201
    },
    {
      "Kinase": "MAP2K7",
      "Experiment01": 0.8926202582862706,
      "Experiment02": 0.8403830633821374
    },
    {
      "Kinase": "MAP4K4",
      "Experiment01": 0.978660277762163,
      "Experiment02": 0.9618255477713735
    },
    {
      "Kinase": "MAPK1",
      "Experiment01": 0.006265323285080503,
      "Experiment02": 0.007325747396321301
    },
    {
      "Kinase": "MAPK10",
      "Experiment01": 0.1851884206455836,
      "Experiment02": 0.2405785512244702
    },
    {
      "Kinase": "MAPK11",
      "Experiment01": 0.18186867497053652,
      "Experiment02": 0.23353424465775552
    },
    {
      "Kinase": "MAPK12",
      "Experiment01": 0.09646581357733375,
      "Experiment02": 0.11263363520439729
    },
    {
      "Kinase": "MAPK13",
      "Experiment01": 0.04530826813331086,
      "Experiment02": 0.0735453020858318
    },
    {
      "Kinase": "MAPK14",
      "Experiment01": 0.2136386297465923,
      "Experiment02": 0.2226851086677924
    },
    {
      "Kinase": "MAPK3",
      "Experiment01": 0.07135197628258243,
      "Experiment02": 0.0735453020858318
    },
    {
      "Kinase": "MAPK7",
      "Experiment01": 0.04166256264456968,
      "Experiment02": 0.01887072425218063
    },
    {
      "Kinase": "MAPK8",
      "Experiment01": 0.1709072042306812,
      "Experiment02": 0.08560607670592499
    },
    {
      "Kinase": "MAPK9",
      "Experiment01": 0.08933756505336594,
      "Experiment02": 0.04294231947714934
    },
    {
      "Kinase": "MINK1",
      "Experiment01": 0.975413209379509,
      "Experiment02": 0.9606008903277914
    },
    {
      "Kinase": "MOK",
      "Experiment01": 0.3511445982247924,
      "Experiment02": 0.4254878955786978
    },
    {
      "Kinase": "NEK1",
      "Experiment01": 0.5796821643113789,
      "Experiment02": 0.6059914779237191
    },
    {
      "Kinase": "NEK11",
      "Experiment01": 0.8886936272840065,
      "Experiment02": 0.8343391910347402
    },
    {
      "Kinase": "NEK2",
      "Experiment01": 0.8301227246552176,
      "Experiment02": 0.8385318198348697
    },
    {
      "Kinase": "NEK3",
      "Experiment01": 0.5505104819923297,
      "Experiment02": 0.6240982227666247
    },
    {
      "Kinase": "NEK4",
      "Experiment01": 0.7299581723951569,
      "Experiment02": 0.6394030666212411
    },
    {
      "Kinase": "NLK",
      "Experiment01": 0.3476459302149267,
      "Experiment02": 0.40762583282270115
    },
    {
      "Kinase": "NRK",
      "Experiment01": 0.9773227613373748,
      "Experiment02": 0.9610530446713755
    },
    {
      "Kinase": "PAK1",
      "Experiment01": 0.22137336924180237,
      "Experiment02": 0.416528778121233
    },
    {
      "Kinase": "PAK2",
      "Experiment01": 0.2006903813236427,
      "Experiment02": 0.4150234547332712
    },
    {
      "Kinase": "PAK3",
      "Experiment01": 0.19436513360521984,
      "Experiment02": 0.2368481066798494
    },
    {
      "Kinase": "PAK4",
      "Experiment01": 0.3158499838222695,
      "Experiment02": 0.42099345752462214
    },
    {
      "Kinase": "PAK5",
      "Experiment01": 0.18681804846556593,
      "Experiment02": 0.23895700049767776
    },
    {
      "Kinase": "PAK6",
      "Experiment01": 0.32791074766922285,
      "Experiment02": 0.40861008248031655
    },
    {
      "Kinase": "PDK1",
      "Experiment01": 0.3358969086138177,
      "Experiment02": 0.39550714750038196
    },
    {
      "Kinase": "PIM1",
      "Experiment01": 0.3413393236781189,
      "Experiment02": 0.4225985623842895
    },
    {
      "Kinase": "PIM2",
      "Experiment01": 0.04637607931029704,
      "Experiment02": 0.1302807120407763
    },
    {
      "Kinase": "PIM3",
      "Experiment01": 0.13675318168754497,
      "Experiment02": 0.3997548001485559
    },
    {
      "Kinase": "PNCK",
      "Experiment01": 0.6418192485882966,
      "Experiment02": 0.6333173134681792
    },
    {
      "Kinase": "PRKAA1",
      "Experiment01": 0.5305974157388387,
      "Experiment02": 0.6426486692370226
    },
    {
      "Kinase": "PRKAA2",
      "Experiment01": 0.558466252985109,
      "Experiment02": 0.6395416583740253
    },
    {
      "Kinase": "PRKACA",
      "Experiment01": 0.06401663224379678,
      "Experiment02": 0.12625589476410393
    },
    {
      "Kinase": "PRKACB",
      "Experiment01": 0.34104789218359044,
      "Experiment02": 0.4182245383916461
    },
    {
      "Kinase": "PRKACG",
      "Experiment01": 0.19417160410467976,
      "Experiment02": 0.5122483698448564
    },
    {
      "Kinase": "PRKCA",
      "Experiment01": 0.8880466817537684,
      "Experiment02": 0.8320240891094228
    },
    {
      "Kinase": "PRKCB",
      "Experiment01": 0.8885521174382374,
      "Experiment02": 0.9561659576896337
    },
    {
      "Kinase": "PRKCD",
      "Experiment01": 0.6526156248649864,
      "Experiment02": 0.6450056202989043
    },
    {
      "Kinase": "PRKCE",
      "Experiment01": 0.8980054871266769,
      "Experiment02": 0.9554154267352233
    },
    {
      "Kinase": "PRKCG",
      "Experiment01": 0.7535548895941667,
      "Experiment02": 0.8106922991965168
    },
    {
      "Kinase": "PRKCH",
      "Experiment01": 0.7533489891676206,
      "Experiment02": 0.833916526764287
    },
    {
      "Kinase": "PRKCI",
      "Experiment01": 0.7531350292599022,
      "Experiment02": 0.8175007397732557
    },
    {
      "Kinase": "PRKCQ",
      "Experiment01": 0.7527896960945546,
      "Experiment02": 0.6574780021285448
    },
    {
      "Kinase": "PRKCZ",
      "Experiment01": 0.6390288441080578,
      "Experiment02": 0.6205731776762778
    },
    {
      "Kinase": "PRKD1",
      "Experiment01": 0.5382875058014741,
      "Experiment02": 0.6410826962900777
    },
    {
      "Kinase": "PRKD2",
      "Experiment01": 0.7238167739372343,
      "Experiment02": 0.8306487793001474
    },
    {
      "Kinase": "PRKD3",
      "Experiment01": 0.734987376127114,
      "Experiment02": 0.8211142383664523
    },
    {
      "Kinase": "PRKDC",
      "Experiment01": 1.0,
      "Experiment02": 1.0
    },
    {
      "Kinase": "PRKG1",
      "Experiment01": 0.5445348953429525,
      "Experiment02": 0.6427623470889317
    },
    {
      "Kinase": "PRKG2",
      "Experiment01": 0.7416265616680026,
      "Experiment02": 0.9618255477713735
    },
    {
      "Kinase": "ROCK1",
      "Experiment01": 0.19673582015675747,
      "Experiment02": 0.2360602049301121
    },
    {
      "Kinase": "ROCK2",
      "Experiment01": 0.34749342123321036,
      "Experiment02": 0.4016951441428067
    },
    {
      "Kinase": "RPS6KA1",
      "Experiment01": 0.10726648549373823,
      "Experiment02": 0.19354397377717025
    },
    {
      "Kinase": "RPS6KA3",
      "Experiment01": 0.3758420906670983,
      "Experiment02": 0.4470351228239839
    },
    {
      "Kinase": "RPS6KB1",
      "Experiment01": 0.006933047461178891,
      "Experiment02": 0.04925733535532022
    },
    {
      "Kinase": "RPS6KB2",
      "Experiment01": 0.08259849532499107,
      "Experiment02": 0.2319557983213701
    },
    {
      "Kinase": "SGK1",
      "Experiment01": 0.262663410494345,
      "Experiment02": 0.23936007939614917
    },
    {
      "Kinase": "SGK2",
      "Experiment01": 0.3589053961365712,
      "Experiment02": 0.4138220777955829
    },
    {
      "Kinase": "SGK3",
      "Experiment01": 0.20123381017094052,
      "Experiment02": 0.5991592425694576
    },
    {
      "Kinase": "SLK",
      "Experiment01": 0.9036919289957678,
      "Experiment02": 0.8488424295959505
    },
    {
      "Kinase": "STK10",
      "Experiment01": 0.894664891342956,
      "Experiment02": 0.9600575725144886
    },
    {
      "Kinase": "STK11",
      "Experiment01": 0.7417609645062601,
      "Experiment02": 0.6385340029216555
    },
    {
      "Kinase": "STK24",
      "Experiment01": 0.9406338358212415,
      "Experiment02": 0.9572009207108187
    },
    {
      "Kinase": "STK25",
      "Experiment01": 0.9440517335357684,
      "Experiment02": 0.954266414925699
    },
    {
      "Kinase": "STK26",
      "Experiment01": 0.9003546061234493,
      "Experiment02": 0.8470986212012189
    },
    {
      "Kinase": "STK3",
      "Experiment01": 0.9063816143095978,
      "Experiment02": 0.9622680876939068
    },
    {
      "Kinase": "STK4",
      "Experiment01": 0.9058064178098086,
      "Experiment02": 0.9582016923222759
    },
    {
      "Kinase": "TGFBR2",
      "Experiment01": 0.7289398161409648,
      "Experiment02": 0.834599404619884
    },
    {
      "Kinase": "TLK1",
      "Experiment01": 0.8983509693697049,
      "Experiment02": 0.6540922985040388
    },
    {
      "Kinase": "TLK2",
      "Experiment01": 0.9008135882010113,
      "Experiment02": 0.8375754666389466
    },
    {
      "Kinase": "TNIK",
      "Experiment01": 0.9773411684706084,
      "Experiment02": 0.9595227601466355
    },
    {
      "Kinase": "TTK",
      "Experiment01": 0.9016258162199613,
      "Experiment02": 0.9009989618690017
    }
  ],
  "Y": [
    {
      "Kinase": "ABL1",
      "Experiment01": 1.0,
      "Experiment02": 0.6489695986893128
    },
    {
      "Kinase": "ABL2",
      "Experiment01": 0.3373338063881849,
      "Experiment02": 0.29716497606322745
    },
    {
      "Kinase": "BLK",
      "Experiment01": 1.0,
      "Experiment02": 1.0
    },
    {
      "Kinase": "BMX",
      "Experiment01": 1.0,
      "Experiment02": 1.0
    },
    {
      "Kinase": "BTK",
      "Experiment01": 1.0,
      "Experiment02": 1.0
    },
    {
      "Kinase": "CSF1R",
      "Experiment01": 0.3372336235075021,
      "Experiment02": 0.2970375389459323
    },
    {
      "Kinase": "EGFR",
      "Experiment01": 0.056447852158344546,
      "Experiment02": 0.04194657159550563
    },
    {
      "Kinase": "EPHA1",
      "Experiment01": 1.0,
      "Experiment02": 1.0
    },
    {
      "Kinase": "EPHA2",
      "Experiment01": 0.3379562294174853,
      "Experiment02": 1.0
    },
    {
      "Kinase": "EPHA3",
      "Experiment01": 0.3373698825374019,
      "Experiment02": 0.29707029876242613
    },
    {
      "Kinase": "EPHA4",
      "Experiment01": 1.0,
      "Experiment02": 1.0
    },
    {
      "Kinase": "EPHA5",
      "Experiment01": 1.0,
      "Experiment02": 1.0
    },
    {
      "Kinase": "EPHA6",
      "Experiment01": 1.0,
      "Experiment02": 1.0
    },
    {
      "Kinase": "EPHA7",
      "Experiment01": 1.0,
      "Experiment02": 1.0
    },
    {
      "Kinase": "EPHA8",
      "Experiment01": 1.0,
      "Experiment02": 1.0
    },
    {
      "Kinase": "EPHB1",
      "Experiment01": 1.0,
      "Experiment02": 1.0
    },
    {
      "Kinase": "EPHB2",
      "Experiment01": 1.0,
      "Experiment02": 1.0
    },
    {
      "Kinase": "EPHB3",
      "Experiment01": 1.0,
      "Experiment02": 1.0
    },
    {
      "Kinase": "EPHB4",
      "Experiment01": 1.0,
      "Experiment02": 1.0
    },
    {
      "Kinase": "EPHB6",
      "Experiment01": 1.0,
      "Experiment02": 1.0
    },
    {
      "Kinase": "ERBB2",
      "Experiment01": 0.05666089262763478,
      "Experiment02": 0.2546784092950385
    },
    {
      "Kinase": "ERBB3",
      "Experiment01": 0.3368135148116139,
      "Experiment02": 0.29679755764847865
    },
    {
      "Kinase": "ERBB4",
      "Experiment01": 0.3374180054264728,
      "Experiment02": 0.2972414897770328
    },
    {
      "Kinase": "FGR",
      "Experiment01": 1.0,
      "Experiment02": 1.0
    },
    {
      "Kinase": "FLT1",
      "Experiment01": 0.33717755053383336,
      "Experiment02": 0.2971139889779997
    },
    {
      "Kinase": "FLT3",
      "Experiment01": 0.29673576646160177,
      "Experiment02": 0.2971540479532546
    },
    {
      "Kinase": "FRK",
      "Experiment01": 1.0,
      "Experiment02": 1.0
    },
    {
      "Kinase": "FYN",
      "Experiment01": 0.3370134341084986,
      "Experiment02": 0.29693566560181356
    },
    {
      "Kinase": "HCK",
      "Experiment01": 0.3376788787881163,
      "Experiment02": 0.29752238446583773
    },
    {
      "Kinase": "IGF1R",
      "Experiment01": 0.3378517025638533,
      "Experiment02": 0.29767949985139963
    },
    {
      "Kinase": "INSR",
      "Experiment01": 0.05655275958476134,
      "Experiment02": 0.2967684769775979
    },
    {
      "Kinase": "INSRR",
      "Experiment01": 1.0,
      "Experiment02": 1.0
    },
    {
      "Kinase": "ITK",
      "Experiment01": 1.0,
      "Experiment02": 1.0
    },
    {
      "Kinase": "KDR",
      "Experiment01": 0.056392589874922225,
      "Experiment02": 0.04185390925190019
    },
    {
      "Kinase": "KIT",
      "Experiment01": 0.33725365645189875,
      "Experiment02": 0.2970448171230873
    },
    {
      "Kinase": "LCK",
      "Experiment01": 1.0,
      "Experiment02": 1.0
    },
    {
      "Kinase": "MET",
      "Experiment01": 0.05639549597768977,
      "Experiment02": 0.04183849416810491
    },
    {
      "Kinase": "MST1R",
      "Experiment01": 0.33732979736531876,
      "Experiment02": 0.2972342010165753
    },
    {
      "Kinase": "NTRK1",
      "Experiment01": 0.05644494202570181,
      "Experiment02": 0.04183409233321172
    },
    {
      "Kinase": "NTRK2",
      "Experiment01": 0.33688545352129196,
      "Experiment02": 0.29673576646160177
    },
    {
      "Kinase": "NTRK3",
      "Experiment01": 0.05661848029482826,
      "Experiment02": 0.04200960904640959
    },
    {
      "Kinase": "PDGFRA",
      "Experiment01": 0.29723787073554486,
      "Experiment02": 0.29685204077917715
    },
    {
      "Kinase": "PDGFRB",
      "Experiment01": 0.05664040994981456,
      "Experiment02": 0.04186271933225732
    },
    {
      "Kinase": "PTK6",
      "Experiment01": 1.0,
      "Experiment02": 1.0
    },
    {
      "Kinase": "SRC",
      "Experiment01": 1.0,
      "Experiment02": 1.0
    },
    {
      "Kinase": "SRMS",
      "Experiment01": 0.3373698825374019,
      "Experiment02": 0.29711762885917703
    },
    {
      "Kinase": "TEC",
      "Experiment01": 1.0,
      "Experiment02": 1.0
    },
    {
      "Kinase": "TXK",
      "Experiment01": 1.0,
      "Experiment02": 1.0
    },
    {
      "Kinase": "TYK2",
      "Experiment01": 0.33744206387227327,
      "Experiment02": 0.2973071048700404
    },
    {
      "Kinase": "YES1",
      "Experiment01": 1.0,
      "Experiment02": 1.0
    }
  ]
}