[
  {
    "Gene": "CDC7",
    "Score (Experiment_1)": 0.1441784287,
    "adj p-val (Experiment_1)": 0.4086860117,
    "Score (Experiment_2)": -0.4763753967,
    "adj p-val (Experiment_2)": 0.345197747,
    "Score (Experiment_3)": 0.0043511081,
    "adj p-val (Experiment_3)": 0.4953870242
  },
  {
    "Gene": "CHEK1",
    "Score (Experiment_1)": -0.3935767543,
    "adj p-val (Experiment_1)": 0.2465443087,
    "Score (Experiment_2)": 0.5384547887,
    "adj p-val (Experiment_2)": 0.2146480163,
    "Score (Experiment_3)": -0.3100511208,
    "adj p-val (Experiment_3)": 0.4598072805
  },
  {
    "Gene": "PRKY",
    "Score (Experiment_1)": -0.1387027251,
    "adj p-val (Experiment_1)": 0.4174731495,
    "Score (Experiment_2)": 0.2320641744,
    "adj p-val (Experiment_2)": 0.3510901852,
    "Score (Experiment_3)": -0.1819004162,
    "adj p-val (Experiment_3)": 0.4804447503
  },
  {
    "Gene": "RPS6KA5",
    "Score (Experiment_1)": -1.447071015,
    "adj p-val (Experiment_1)": 0.0000000553,
    "Score (Experiment_2)": 0.0645291779,
    "adj p-val (Experiment_2)": 0.4093977367,
    "Score (Experiment_3)": -0.0679177753,
    "adj p-val (Experiment_3)": 0.4953870242
  },
  {
    "Gene": "PAK4",
    "Score (Experiment_1)": -0.169357416,
    "adj p-val (Experiment_1)": 0.4086860117,
    "Score (Experiment_2)": -0.0300086933,
    "adj p-val (Experiment_2)": 0.4825704568,
    "Score (Experiment_3)": -0.399569927,
    "adj p-val (Experiment_3)": 0.4598072805
  },
  {
    "Gene": "PRKCG",
    "Score (Experiment_1)": -0.2358289019,
    "adj p-val (Experiment_1)": 0.4086860117,
    "Score (Experiment_2)": 0.2086121624,
    "adj p-val (Experiment_2)": 0.3657890502,
    "Score (Experiment_3)": 0.0364904095,
    "adj p-val (Experiment_3)": 0.4953870242
  },
  {
    "Gene": "PRKCB",
    "Score (Experiment_1)": -0.0852561315,
    "adj p-val (Experiment_1)": 0.4727617865,
    "Score (Experiment_2)": 0.1554848706,
    "adj p-val (Experiment_2)": 0.3771096255,
    "Score (Experiment_3)": -0.0495206643,
    "adj p-val (Experiment_3)": 0.4953870242
  },
  {
    "Gene": "CDK1",
    "Score (Experiment_1)": 0.0142593219,
    "adj p-val (Experiment_1)": 0.4086860117,
    "Score (Experiment_2)": 0.0120137862,
    "adj p-val (Experiment_2)": 0.4066330642,
    "Score (Experiment_3)": -0.1441545451,
    "adj p-val (Experiment_3)": 0.4598072805
  },
  {
    "Gene": "PIM1",
    "Score (Experiment_1)": -0.5273057074,
    "adj p-val (Experiment_1)": 0.1788429732,
    "Score (Experiment_2)": -0.004352279,
    "adj p-val (Experiment_2)": 0.469089418,
    "Score (Experiment_3)": -0.0097364192,
    "adj p-val (Experiment_3)": 0.4953870242
  },
  {
    "Gene": "CDK4",
    "Score (Experiment_1)": 0.0313988933,
    "adj p-val (Experiment_1)": 0.4086860117,
    "Score (Experiment_2)": -0.2263043917,
    "adj p-val (Experiment_2)": 0.3564812667,
    "Score (Experiment_3)": -0.1329497851,
    "adj p-val (Experiment_3)": 0.4804447503
  },
  {
    "Gene": "PRKCA",
    "Score (Experiment_1)": 0.0051912465,
    "adj p-val (Experiment_1)": 0.432409032,
    "Score (Experiment_2)": -0.1069138413,
    "adj p-val (Experiment_2)": 0.4479133554,
    "Score (Experiment_3)": 0.0697345485,
    "adj p-val (Experiment_3)": 0.4804447503
  },
  {
    "Gene": "PRKACA",
    "Score (Experiment_1)": -0.1551649845,
    "adj p-val (Experiment_1)": 0.4086860117,
    "Score (Experiment_2)": 0.0172279448,
    "adj p-val (Experiment_2)": 0.4066330642,
    "Score (Experiment_3)": -0.1642412107,
    "adj p-val (Experiment_3)": 0.4598072805
  },
  {
    "Gene": "CSNK2A2",
    "Score (Experiment_1)": 0.2551634584,
    "adj p-val (Experiment_1)": 0.1623740728,
    "Score (Experiment_2)": -0.0849820616,
    "adj p-val (Experiment_2)": 0.469089418,
    "Score (Experiment_3)": -0.3401179631,
    "adj p-val (Experiment_3)": 0.4598072805
  },
  {
    "Gene": "CDK11B",
    "Score (Experiment_1)": 0.0549738715,
    "adj p-val (Experiment_1)": 0.4086860117,
    "Score (Experiment_2)": -0.3538408494,
    "adj p-val (Experiment_2)": 0.345197747,
    "Score (Experiment_3)": -0.2905111106,
    "adj p-val (Experiment_3)": 0.4598072805
  },
  {
    "Gene": "RPS6KB1",
    "Score (Experiment_1)": -1.5140522609,
    "adj p-val (Experiment_1)": 0.000000001,
    "Score (Experiment_2)": 0.1507806235,
    "adj p-val (Experiment_2)": 0.3657890502,
    "Score (Experiment_3)": -0.0374513899,
    "adj p-val (Experiment_3)": 0.4953870242
  },
  {
    "Gene": "CDK2",
    "Score (Experiment_1)": 0.0087891606,
    "adj p-val (Experiment_1)": 0.4086860117,
    "Score (Experiment_2)": -0.1967098112,
    "adj p-val (Experiment_2)": 0.345197747,
    "Score (Experiment_3)": -0.0316516167,
    "adj p-val (Experiment_3)": 0.4953870242
  },
  {
    "Gene": "MAPK3",
    "Score (Experiment_1)": -0.6142658759,
    "adj p-val (Experiment_1)": 0.0042811195,
    "Score (Experiment_2)": 0.1180793101,
    "adj p-val (Experiment_2)": 0.3640996028,
    "Score (Experiment_3)": -0.0805654105,
    "adj p-val (Experiment_3)": 0.4953870242
  },
  {
    "Gene": "MAPK1",
    "Score (Experiment_1)": -0.8307832456,
    "adj p-val (Experiment_1)": 0.0000002175,
    "Score (Experiment_2)": -0.0348685683,
    "adj p-val (Experiment_2)": 0.4825704568,
    "Score (Experiment_3)": -0.1573166937,
    "adj p-val (Experiment_3)": 0.4804447503
  },
  {
    "Gene": "AKT1",
    "Score (Experiment_1)": -0.8519390632,
    "adj p-val (Experiment_1)": 0.0000001129,
    "Score (Experiment_2)": 0.1657614697,
    "adj p-val (Experiment_2)": 0.345197747,
    "Score (Experiment_3)": -0.085784005,
    "adj p-val (Experiment_3)": 0.4953870242
  },
  {
    "Gene": "MTOR",
    "Score (Experiment_1)": -1.2115835029,
    "adj p-val (Experiment_1)": 0.0,
    "Score (Experiment_2)": 0.0628683417,
    "adj p-val (Experiment_2)": 0.3771096255,
    "Score (Experiment_3)": -0.2617450676,
    "adj p-val (Experiment_3)": 0.4598072805
  },
  {
    "Gene": "MAPK8",
    "Score (Experiment_1)": -0.156171105,
    "adj p-val (Experiment_1)": 0.4086860117,
    "Score (Experiment_2)": 0.1876031116,
    "adj p-val (Experiment_2)": 0.3564812667,
    "Score (Experiment_3)": -0.1961149284,
    "adj p-val (Experiment_3)": 0.4804447503
  },
  {
    "Gene": "CDK8",
    "Score (Experiment_1)": 0.0481021376,
    "adj p-val (Experiment_1)": 0.4086860117,
    "Score (Experiment_2)": -0.2861360698,
    "adj p-val (Experiment_2)": 0.3510901852,
    "Score (Experiment_3)": -0.2205650965,
    "adj p-val (Experiment_3)": 0.4804447503
  },
  {
    "Gene": "GSK3A",
    "Score (Experiment_1)": -0.0351589958,
    "adj p-val (Experiment_1)": 0.4832435625,
    "Score (Experiment_2)": -0.2448197448,
    "adj p-val (Experiment_2)": 0.3771096255,
    "Score (Experiment_3)": -0.0504050144,
    "adj p-val (Experiment_3)": 0.4953870242
  },
  {
    "Gene": "GSK3B",
    "Score (Experiment_1)": -0.177227708,
    "adj p-val (Experiment_1)": 0.4086860117,
    "Score (Experiment_2)": -0.2890668827,
    "adj p-val (Experiment_2)": 0.345197747,
    "Score (Experiment_3)": -0.6904140121,
    "adj p-val (Experiment_3)": 0.0237554443
  },
  {
    "Gene": "CDK7",
    "Score (Experiment_1)": 0.1196846342,
    "adj p-val (Experiment_1)": 0.4086860117,
    "Score (Experiment_2)": -0.2999433241,
    "adj p-val (Experiment_2)": 0.345197747,
    "Score (Experiment_3)": -0.1415640492,
    "adj p-val (Experiment_3)": 0.4804447503
  },
  {
    "Gene": "CDK9",
    "Score (Experiment_1)": 0.0426752973,
    "adj p-val (Experiment_1)": 0.4086860117,
    "Score (Experiment_2)": -0.2624120606,
    "adj p-val (Experiment_2)": 0.3564812667,
    "Score (Experiment_3)": -0.1376438296,
    "adj p-val (Experiment_3)": 0.4804447503
  },
  {
    "Gene": "RPS6KA3",
    "Score (Experiment_1)": -1.1439381564,
    "adj p-val (Experiment_1)": 0.0000052682,
    "Score (Experiment_2)": 0.1051566934,
    "adj p-val (Experiment_2)": 0.3771096255,
    "Score (Experiment_3)": -0.0592557818,
    "adj p-val (Experiment_3)": 0.4953870242
  },
  {
    "Gene": "PRKX",
    "Score (Experiment_1)": -0.1387027251,
    "adj p-val (Experiment_1)": 0.4174731495,
    "Score (Experiment_2)": 0.2320641744,
    "adj p-val (Experiment_2)": 0.3510901852,
    "Score (Experiment_3)": -0.1819004162,
    "adj p-val (Experiment_3)": 0.4804447503
  },
  {
    "Gene": "PLK1",
    "Score (Experiment_1)": 0.0165238693,
    "adj p-val (Experiment_1)": 0.4474918589,
    "Score (Experiment_2)": 0.0324432868,
    "adj p-val (Experiment_2)": 0.4620463611,
    "Score (Experiment_3)": 0.168584101,
    "adj p-val (Experiment_3)": 0.4804447503
  },
  {
    "Gene": "CSNK2A1",
    "Score (Experiment_1)": 0.1661367,
    "adj p-val (Experiment_1)": 0.1280072243,
    "Score (Experiment_2)": -0.1195771715,
    "adj p-val (Experiment_2)": 0.3771096255,
    "Score (Experiment_3)": -0.1204824299,
    "adj p-val (Experiment_3)": 0.4804447503
  },
  {
    "Gene": "CDK3",
    "Score (Experiment_1)": -0.032427419,
    "adj p-val (Experiment_1)": 0.4832435625,
    "Score (Experiment_2)": -0.3243002791,
    "adj p-val (Experiment_2)": 0.345197747,
    "Score (Experiment_3)": -0.2521820528,
    "adj p-val (Experiment_3)": 0.4598072805
  },
  {
    "Gene": "CDK6",
    "Score (Experiment_1)": 0.0469344872,
    "adj p-val (Experiment_1)": 0.4086860117,
    "Score (Experiment_2)": -0.2877638575,
    "adj p-val (Experiment_2)": 0.345197747,
    "Score (Experiment_3)": -0.1370377929,
    "adj p-val (Experiment_3)": 0.4804447503
  },
  {
    "Gene": "CDK5",
    "Score (Experiment_1)": 0.0427574556,
    "adj p-val (Experiment_1)": 0.4086860117,
    "Score (Experiment_2)": -0.0840109989,
    "adj p-val (Experiment_2)": 0.469089418,
    "Score (Experiment_3)": -0.2345737714,
    "adj p-val (Experiment_3)": 0.4598072805
  },
  {
    "Gene": "CDK16",
    "Score (Experiment_1)": 0.1378751796,
    "adj p-val (Experiment_1)": 0.4086860117,
    "Score (Experiment_2)": -0.2749898969,
    "adj p-val (Experiment_2)": 0.3510901852,
    "Score (Experiment_3)": -0.1373415647,
    "adj p-val (Experiment_3)": 0.4804447503
  },
  {
    "Gene": "CDK17",
    "Score (Experiment_1)": 0.0549738715,
    "adj p-val (Experiment_1)": 0.4086860117,
    "Score (Experiment_2)": -0.3538408494,
    "adj p-val (Experiment_2)": 0.345197747,
    "Score (Experiment_3)": -0.2905111106,
    "adj p-val (Experiment_3)": 0.4598072805
  },
  {
    "Gene": "PRKCE",
    "Score (Experiment_1)": -0.4571262308,
    "adj p-val (Experiment_1)": 0.207892248,
    "Score (Experiment_2)": 0.0440262751,
    "adj p-val (Experiment_2)": 0.4479133554,
    "Score (Experiment_3)": -0.1301835776,
    "adj p-val (Experiment_3)": 0.4953870242
  },
  {
    "Gene": "PRKCD",
    "Score (Experiment_1)": -0.5392267594,
    "adj p-val (Experiment_1)": 0.0407398871,
    "Score (Experiment_2)": 0.4504158493,
    "adj p-val (Experiment_2)": 0.2146480163,
    "Score (Experiment_3)": 0.0173399758,
    "adj p-val (Experiment_3)": 0.4953870242
  },
  {
    "Gene": "CDK18",
    "Score (Experiment_1)": 0.0549738715,
    "adj p-val (Experiment_1)": 0.4086860117,
    "Score (Experiment_2)": -0.3538408494,
    "adj p-val (Experiment_2)": 0.345197747,
    "Score (Experiment_3)": -0.2905111106,
    "adj p-val (Experiment_3)": 0.4598072805
  },
  {
    "Gene": "PRKAA1",
    "Score (Experiment_1)": -0.1962890683,
    "adj p-val (Experiment_1)": 0.4086860117,
    "Score (Experiment_2)": -0.004608244,
    "adj p-val (Experiment_2)": 0.469089418,
    "Score (Experiment_3)": -0.6334166884,
    "adj p-val (Experiment_3)": 0.2732729053
  },
  {
    "Gene": "PAK1",
    "Score (Experiment_1)": -0.3110164125,
    "adj p-val (Experiment_1)": 0.4065017557,
    "Score (Experiment_2)": 0.0993951683,
    "adj p-val (Experiment_2)": 0.3830975961,
    "Score (Experiment_3)": -0.6117483467,
    "adj p-val (Experiment_3)": 0.2653468796
  },
  {
    "Gene": "ROCK1",
    "Score (Experiment_1)": -0.1253458926,
    "adj p-val (Experiment_1)": 0.432409032,
    "Score (Experiment_2)": -0.0505280571,
    "adj p-val (Experiment_2)": 0.493990287,
    "Score (Experiment_3)": 0.325375503,
    "adj p-val (Experiment_3)": 0.4598072805
  },
  {
    "Gene": "CDK13",
    "Score (Experiment_1)": 0.0549738715,
    "adj p-val (Experiment_1)": 0.4086860117,
    "Score (Experiment_2)": -0.3538408494,
    "adj p-val (Experiment_2)": 0.345197747,
    "Score (Experiment_3)": -0.2905111106,
    "adj p-val (Experiment_3)": 0.4598072805
  },
  {
    "Gene": "PDK1",
    "Score (Experiment_1)": -0.1901196369,
    "adj p-val (Experiment_1)": 0.4086860117,
    "Score (Experiment_2)": 0.254624785,
    "adj p-val (Experiment_2)": 0.345197747,
    "Score (Experiment_3)": 0.0622919382,
    "adj p-val (Experiment_3)": 0.4804447503
  },
  {
    "Gene": "CDK10",
    "Score (Experiment_1)": 0.0549738715,
    "adj p-val (Experiment_1)": 0.4086860117,
    "Score (Experiment_2)": -0.3538408494,
    "adj p-val (Experiment_2)": 0.345197747,
    "Score (Experiment_3)": -0.2905111106,
    "adj p-val (Experiment_3)": 0.4598072805
  },
  {
    "Gene": "PRKD1",
    "Score (Experiment_1)": -0.2795197422,
    "adj p-val (Experiment_1)": 0.4086860117,
    "Score (Experiment_2)": -0.1899149615,
    "adj p-val (Experiment_2)": 0.3777855851,
    "Score (Experiment_3)": -0.2879029348,
    "adj p-val (Experiment_3)": 0.4598072805
  },
  {
    "Gene": "RPS6KA2",
    "Score (Experiment_1)": -1.3475496884,
    "adj p-val (Experiment_1)": 0.0000201822,
    "Score (Experiment_2)": 0.0963510073,
    "adj p-val (Experiment_2)": 0.4066330642,
    "Score (Experiment_3)": -0.073550912,
    "adj p-val (Experiment_3)": 0.4953870242
  },
  {
    "Gene": "RPS6KA1",
    "Score (Experiment_1)": -1.4641246007,
    "adj p-val (Experiment_1)": 0.0,
    "Score (Experiment_2)": 0.0954569211,
    "adj p-val (Experiment_2)": 0.3771096255,
    "Score (Experiment_3)": -0.058755504,
    "adj p-val (Experiment_3)": 0.4953870242
  },
  {
    "Gene": "MAPK14",
    "Score (Experiment_1)": -0.663263452,
    "adj p-val (Experiment_1)": 0.0452916847,
    "Score (Experiment_2)": -0.1000288144,
    "adj p-val (Experiment_2)": 0.469089418,
    "Score (Experiment_3)": -0.6139144764,
    "adj p-val (Experiment_3)": 0.2707516783
  },
  {
    "Gene": "CDK20",
    "Score (Experiment_1)": 0.0481021376,
    "adj p-val (Experiment_1)": 0.4086860117,
    "Score (Experiment_2)": -0.2000462862,
    "adj p-val (Experiment_2)": 0.3771096255,
    "Score (Experiment_3)": -0.2541972218,
    "adj p-val (Experiment_3)": 0.4598072805
  },
  {
    "Gene": "AURKB",
    "Score (Experiment_1)": -0.0323191631,
    "adj p-val (Experiment_1)": 0.4832435625,
    "Score (Experiment_2)": -0.2252803962,
    "adj p-val (Experiment_2)": 0.3771096255,
    "Score (Experiment_3)": 0.0881164933,
    "adj p-val (Experiment_3)": 0.4804447503
  },
  {
    "Gene": "CDK19",
    "Score (Experiment_1)": 0.100520352,
    "adj p-val (Experiment_1)": 0.4086860117,
    "Score (Experiment_2)": -0.3096107432,
    "adj p-val (Experiment_2)": 0.3510901852,
    "Score (Experiment_3)": -0.2555999661,
    "adj p-val (Experiment_3)": 0.4598072805
  },
  {
    "Gene": "CDK12",
    "Score (Experiment_1)": 0.0549738715,
    "adj p-val (Experiment_1)": 0.4086860117,
    "Score (Experiment_2)": -0.3538408494,
    "adj p-val (Experiment_2)": 0.345197747,
    "Score (Experiment_3)": -0.2905111106,
    "adj p-val (Experiment_3)": 0.4598072805
  },
  {
    "Gene": "TBK1",
    "Score (Experiment_1)": 0.3598476269,
    "adj p-val (Experiment_1)": 0.2465443087,
    "Score (Experiment_2)": -0.5733537874,
    "adj p-val (Experiment_2)": 0.345197747,
    "Score (Experiment_3)": -0.0356179368,
    "adj p-val (Experiment_3)": 0.4953870242
  }
]